app/(dashboard)/layout.tsx(237,7): error TS2559: Type '(n: Notification) => boolean' has no properties in common with type 'Partial<Notification>'.
app/(dashboard)/layout.tsx(237,62): error TS2551: Property 'isRead' does not exist on type 'Notification'. Did you mean 'read'?
app/api/auth/change-password/route.ts(25,47): error TS2559: Type '(u: User) => boolean' has no properties in common with type 'Partial<UserProfile>'.
app/api/auth/change-password/route.ts(25,58): error TS2304: Cannot find name 'User'.
app/api/auth/change-password/route.ts(31,65): error TS2339: Property 'passwordHash' does not exist on type 'UserProfile'.
app/api/auth/change-password/route.ts(43,14): error TS2353: Object literal may only specify known properties, and 'passwordHash' does not exist in type 'Partial<UserProfile>'.
app/api/auth/forgot-password/route.ts(21,5): error TS2559: Type '(u: User) => boolean' has no properties in common with type 'Partial<UserProfile>'.
app/api/auth/forgot-password/route.ts(21,16): error TS2304: Cannot find name 'User'.
app/api/auth/register/route.ts(33,13): error TS2559: Type '(u: UserProfile) => boolean' has no properties in common with type 'Partial<UserProfile>'.
app/api/auth/register/route.ts(46,17): error TS2559: Type '(il: InviteLink) => boolean' has no properties in common with type 'Partial<InviteLink>'.
app/api/auth/register/route.ts(49,30): error TS2769: No overload matches this call.
  Overload 1 of 4, '(value: string | number | Date): Date', gave the following error.
    Argument of type 'string | undefined' is not assignable to parameter of type 'string | number | Date'.
      Type 'undefined' is not assignable to type 'string | number | Date'.
  Overload 2 of 4, '(value: string | number): Date', gave the following error.
    Argument of type 'string | undefined' is not assignable to parameter of type 'string | number'.
      Type 'undefined' is not assignable to type 'string | number'.
app/api/auth/register/route.ts(54,27): error TS2339: Property 'targetRole' does not exist on type 'InviteLink'.
app/api/auth/register/route.ts(55,31): error TS2339: Property 'campusId' does not exist on type 'InviteLink'.
app/api/auth/register/route.ts(56,30): error TS2339: Property 'groupId' does not exist on type 'InviteLink'.
app/api/auth/register/route.ts(72,19): error TS2352: Conversion of type '{ id: string; organisationId: string; firstName: string; lastName: string; email: string; phone: string | null; role: UserRole; campusId: string | null; groupId: string | null; ... 4 more ...; gender: null; }' to type 'UserProfile' may be a mistake because neither type sufficiently overlaps with the other. If this was intentional, convert the expression to 'unknown' first.
  Types of property 'gender' are incompatible.
    Type 'null' is not comparable to type 'Gender | undefined'.
app/api/auth/register/route.ts(94,13): error TS2353: Object literal may only specify known properties, and 'userId' does not exist in type 'AuthUser'.
app/api/auth/register/route.ts(98,27): error TS2339: Property 'groupId' does not exist on type 'UserProfile'.
app/api/auth/register/route.ts(110,21): error TS2353: Object literal may only specify known properties, and 'groupId' does not exist in type 'AuthUser'.
app/api/auth/register/route.ts(110,35): error TS2339: Property 'groupId' does not exist on type 'UserProfile'.
app/api/auth/register/route.ts(117,34): error TS2554: Expected 1 arguments, but got 2.
app/api/auth/reset-password/route.ts(40,49): error TS2559: Type '(u: User) => boolean' has no properties in common with type 'Partial<UserProfile>'.
app/api/auth/reset-password/route.ts(40,60): error TS2304: Cannot find name 'User'.
app/api/auth/reset-password/route.ts(49,17): error TS2353: Object literal may only specify known properties, and 'passwordHash' does not exist in type 'Partial<UserProfile>'.
app/api/invite-links/[token]/route.ts(16,5): error TS2559: Type '(l: InviteLink) => boolean' has no properties in common with type 'Partial<InviteLink>'.
app/api/invite-links/[token]/route.ts(27,16): error TS2769: No overload matches this call.
  Overload 1 of 4, '(value: string | number | Date): Date', gave the following error.
    Argument of type 'string | undefined' is not assignable to parameter of type 'string | number | Date'.
      Type 'undefined' is not assignable to type 'string | number | Date'.
  Overload 2 of 4, '(value: string | number): Date', gave the following error.
    Argument of type 'string | undefined' is not assignable to parameter of type 'string | number'.
      Type 'undefined' is not assignable to type 'string | number'.
app/api/invite-links/[token]/route.ts(36,24): error TS2339: Property 'targetRole' does not exist on type 'InviteLink'.
app/api/invite-links/[token]/route.ts(37,24): error TS2339: Property 'campusId' does not exist on type 'InviteLink'.
app/api/invite-links/[token]/route.ts(38,24): error TS2339: Property 'groupId' does not exist on type 'InviteLink'.
app/api/invite-links/route.ts(38,5): error TS2559: Type '(l: InviteLink) => boolean' has no properties in common with type 'Partial<InviteLink>'.
app/api/invite-links/route.ts(66,7): error TS2322: Type 'null' is not assignable to type 'string | undefined'.
app/api/notifications/read-all/route.ts(18,7): error TS2559: Type '(n: Notification) => boolean' has no properties in common with type 'Partial<Notification>'.
app/api/notifications/read-all/route.ts(18,67): error TS2551: Property 'isRead' does not exist on type 'Notification'. Did you mean 'read'?
app/api/notifications/route.ts(23,7): error TS2559: Type '(n: Notification) => boolean' has no properties in common with type 'Partial<Notification>'.
app/api/org/campuses/[id]/route.ts(31,52): error TS2559: Type '(c: Campus) => boolean' has no properties in common with type 'Partial<Campus>'.
app/api/org/campuses/[id]/route.ts(49,52): error TS2559: Type '(c: Campus) => boolean' has no properties in common with type 'Partial<Campus>'.
app/api/org/campuses/[id]/route.ts(56,5): error TS2322: Type '{ updatedAt: string; name?: string | undefined; country?: string | undefined; location?: string | undefined; adminId?: string | null | undefined; }' is not assignable to type 'Partial<Campus>'.
  Types of property 'adminId' are incompatible.
    Type 'string | null | undefined' is not assignable to type 'string | undefined'.
      Type 'null' is not assignable to type 'string | undefined'.
app/api/org/campuses/route.ts(48,9): error TS2739: Type '{ createdAt: string; updatedAt: string; name: string; organisationId: string; country?: string | undefined; location?: string | undefined; groupId?: string | undefined; adminId?: string | undefined; id: string; }' is missing the following properties from type 'Campus': orgLevel, parentId, isActive
app/api/org/groups/[id]/route.ts(30,32): error TS2339: Property 'groups' does not exist on type 'MockDb'.
app/api/org/groups/[id]/route.ts(48,32): error TS2339: Property 'groups' does not exist on type 'MockDb'.
app/api/org/groups/[id]/route.ts(53,34): error TS2339: Property 'groups' does not exist on type 'MockDb'.
app/api/org/groups/route.ts(30,33): error TS2339: Property 'groups' does not exist on type 'MockDb'.
app/api/org/groups/route.ts(45,32): error TS2339: Property 'groups' does not exist on type 'MockDb'.
app/api/report-templates/[id]/route.ts(50,9): error TS2559: Type '(t: ReportTemplate) => boolean' has no properties in common with type 'Partial<ReportTemplate>'.
app/api/report-templates/[id]/route.ts(76,9): error TS2559: Type '(t: ReportTemplate) => boolean' has no properties in common with type 'Partial<ReportTemplate>'.
app/api/report-templates/route.ts(84,17): error TS2561: Object literal may only specify known properties, but 'isArchived' does not exist in type 'ReportTemplate'. Did you mean to write 'isActive'?
app/api/reports/[id]/history/route.ts(43,13): error TS2559: Type '(e: ReportEvent) => boolean' has no properties in common with type 'Partial<ReportEvent>'.
app/api/reports/[id]/request-edit/route.ts(70,23): error TS2352: Conversion of type '{ id: string; reportId: string; requestedBy: string; reason: string; status: "PENDING"; createdAt: string; }' to type 'ReportEdit' may be a mistake because neither type sufficiently overlaps with the other. If this was intentional, convert the expression to 'unknown' first.
  Type '{ id: string; reportId: string; requestedBy: string; reason: string; status: "PENDING"; createdAt: string; }' is missing the following properties from type 'ReportEdit': submittedById, sections, updatedAt
app/api/reports/[id]/route.ts(104,48): error TS2339: Property 'EDITED' does not exist on type 'typeof ReportEventType'.
app/api/reports/route.ts(64,13): error TS2560: Value of type '(r: Report) => any' has no properties in common with type 'Partial<Report>'. Did you mean to call it?
app/api/reports/route.ts(75,30): error TS2339: Property 'title' does not exist on type 'Report'.
app/api/reports/route.ts(75,67): error TS2339: Property 'period' does not exist on type 'Report'.
app/api/users/[id]/route.ts(40,49): error TS2559: Type '(u: User) => boolean' has no properties in common with type 'Partial<UserProfile>'.
app/api/users/[id]/route.ts(40,60): error TS2304: Cannot find name 'User'.
app/api/users/[id]/route.ts(45,13): error TS2339: Property 'passwordHash' does not exist on type 'UserProfile'.
app/api/users/[id]/route.ts(65,49): error TS2559: Type '(u: User) => boolean' has no properties in common with type 'Partial<UserProfile>'.
app/api/users/[id]/route.ts(65,60): error TS2304: Cannot find name 'User'.
app/api/users/[id]/route.ts(80,9): error TS2322: Type '{ updatedAt: string; role?: UserRole | undefined; isActive?: boolean | undefined; campusId?: string | null | undefined; groupId?: string | null | undefined; phone?: string | undefined; }' is not assignable to type 'Partial<UserProfile>'.
  Types of property 'campusId' are incompatible.
    Type 'string | null | undefined' is not assignable to type 'string | undefined'.
      Type 'null' is not assignable to type 'string | undefined'.
app/api/users/[id]/route.ts(89,13): error TS2339: Property 'passwordHash' does not exist on type 'UserProfile'.
app/api/users/profile/route.ts(29,49): error TS2559: Type '(u: User) => boolean' has no properties in common with type 'Partial<UserProfile>'.
app/api/users/profile/route.ts(29,60): error TS2304: Cannot find name 'User'.
app/api/users/profile/route.ts(34,13): error TS2339: Property 'passwordHash' does not exist on type 'UserProfile'.
app/api/users/profile/route.ts(48,49): error TS2559: Type '(u: User) => boolean' has no properties in common with type 'Partial<UserProfile>'.
app/api/users/profile/route.ts(48,60): error TS2304: Cannot find name 'User'.
app/api/users/profile/route.ts(60,13): error TS2339: Property 'passwordHash' does not exist on type 'UserProfile'.
app/api/users/route.ts(43,16): error TS2304: Cannot find name 'User'.
components/ui/Card.tsx(10,11): error TS2430: Interface 'DsCardProps' incorrectly extends interface 'Omit<CardProps, "title">'.
  Types of property 'actions' are incompatible.
    Type 'ReactNode' is not assignable to type 'ReactNode[] | undefined'.
      Type 'null' is not assignable to type 'ReactNode[] | undefined'.
config/content.ts(7,15): error TS2305: Module '"@/types/global"' has no exported member 'AppContent'.
lib/data/seed.ts(51,47): error TS2344: Type 'MockDb' does not satisfy the constraint 'abstract new (...args: any) => any'.
  Type 'MockDb' provides no match for the signature 'new (...args: any): any'.
lib/data/seed.ts(232,9): error TS2741: Property 'adminId' is missing in type '{ id: "campus-abuja-001"; name: string; orgLevel: "CAMPUS"; parentId: "group-nigeria-001"; country: string; location: string; isActive: true; createdAt: string; updatedAt: string; }' but required in type 'Campus'.
lib/data/seed.ts(243,9): error TS2741: Property 'adminId' is missing in type '{ id: "campus-london-001"; name: string; orgLevel: "CAMPUS"; parentId: "group-uk-001"; country: string; location: string; isActive: true; createdAt: string; updatedAt: string; }' but required in type 'Campus'.
lib/data/seed.ts(335,9): error TS2739: Type '{ id: string; campusId: "campus-lekki-001"; status: ReportStatus.DRAFT; submittedById: "user-ca-001"; templateId: "template-default-001"; templateVersionId: "tpl-version-001"; ... 8 more ...; updatedAt: string; }' is missing the following properties from type 'Report': body, type, url, toJSON
lib/data/seed.ts(342,9): error TS2739: Type '{ id: string; campusId: "campus-lekki-001"; periodWeek: number; status: ReportStatus.SUBMITTED; submittedById: "user-ca-001"; templateId: "template-default-001"; templateVersionId: "tpl-version-001"; ... 7 more ...; updatedAt: string; }' is missing the following properties from type 'Report': body, type, url, toJSON
lib/data/seed.ts(350,9): error TS2739: Type '{ id: string; campusId: "campus-ikeja-001"; status: ReportStatus.APPROVED; submittedById: "user-de-001"; approvedById: "user-ga-001"; isDataEntry: true; dataEntryById: "user-de-001"; ... 10 more ...; updatedAt: string; }' is missing the following properties from type 'Report': body, type, url, toJSON
lib/data/seed.ts(361,9): error TS2739: Type '{ id: string; campusId: "campus-abuja-001"; status: ReportStatus.REQUIRES_EDITS; templateId: "template-default-001"; templateVersionId: "tpl-version-001"; orgGroupId: "group-nigeria-001"; ... 7 more ...; updatedAt: string; }' is missing the following properties from type 'Report': body, type, url, toJSON
lib/data/seed.ts(367,9): error TS2739: Type '{ id: string; campusId: "campus-london-001"; orgGroupId: "group-uk-001"; status: ReportStatus.LOCKED; submittedById: "user-cp-001"; approvedById: "user-ga-001"; reviewedById: "user-gp-001"; ... 10 more ...; updatedAt: string; }' is missing the following properties from type 'Report': body, type, url, toJSON
lib/data/seed.ts(386,9): error TS2740: Type '{ id: string; userId: "user-ga-001"; type: NotificationType.REPORT_SUBMITTED; title: string; message: string; relatedId: string; read: false; createdAt: string; }' is missing the following properties from type 'Notification': badge, body, data, dir, and 13 more.
lib/data/seed.ts(396,9): error TS2740: Type '{ id: string; userId: "user-ca-001"; type: NotificationType.REPORT_EDIT_REQUESTED; title: string; message: string; relatedId: string; read: false; createdAt: string; }' is missing the following properties from type 'Notification': badge, body, data, dir, and 13 more.
middleware.ts(15,27): error TS2307: Cannot find module 'jose' or its corresponding type declarations.
modules/notifications/components/InboxPage.tsx(35,23): error TS2551: Property 'isRead' does not exist on type 'Notification'. Did you mean 'read'?
modules/notifications/components/InboxPage.tsx(36,22): error TS2339: Property 'reportId' does not exist on type 'Notification'.
modules/notifications/components/InboxPage.tsx(37,56): error TS2339: Property 'reportId' does not exist on type 'Notification'.
modules/notifications/components/InboxPage.tsx(49,25): error TS2551: Property 'isRead' does not exist on type 'Notification'. Did you mean 'read'?
modules/notifications/components/InboxPage.tsx(56,27): error TS2551: Property 'isRead' does not exist on type 'Notification'. Did you mean 'read'?
modules/notifications/components/InboxPage.tsx(65,29): error TS2551: Property 'isRead' does not exist on type 'Notification'. Did you mean 'read'?
modules/notifications/components/InboxPage.tsx(89,7): error TS2559: Type '(n: Notification) => boolean' has no properties in common with type 'Partial<Notification>'.
modules/notifications/components/InboxPage.tsx(99,48): error TS2551: Property 'isRead' does not exist on type 'Notification'. Did you mean 'read'?
modules/notifications/components/InboxPage.tsx(122,7): error TS2322: Type '{ children: Element; title: string; subtitle: string | undefined; actions: Element | undefined; }' is not assignable to type 'IntrinsicAttributes & PageLayoutProps'.
  Property 'title' does not exist on type 'IntrinsicAttributes & PageLayoutProps'.
modules/org/components/OrgPage.tsx(131,11): error TS2322: Type '{ searchValue: string; onSearchChange: Dispatch<SetStateAction<string>>; searchPlaceholder: string; }' is not assignable to type 'IntrinsicAttributes & FilterToolbarProps'.
  Property 'searchValue' does not exist on type 'IntrinsicAttributes & FilterToolbarProps'.
modules/org/components/OrgPage.tsx(198,75): error TS2339: Property 'groups' does not exist on type 'MockDb'.
modules/org/components/OrgPage.tsx(288,11): error TS2322: Type '{ searchValue: string; onSearchChange: Dispatch<SetStateAction<string>>; searchPlaceholder: string; }' is not assignable to type 'IntrinsicAttributes & FilterToolbarProps'.
  Property 'searchValue' does not exist on type 'IntrinsicAttributes & FilterToolbarProps'.
modules/org/components/OrgPage.tsx(362,17): error TS2322: Type '{ children: Element; title: string; }' is not assignable to type 'IntrinsicAttributes & PageLayoutProps'.
  Property 'title' does not exist on type 'IntrinsicAttributes & PageLayoutProps'.
modules/reports/components/ReportEditPage.tsx(38,32): error TS2559: Type '(r: Report) => boolean' has no properties in common with type 'Partial<Report>'.
modules/reports/components/ReportEditPage.tsx(44,7): error TS2559: Type '(t: ReportTemplate) => boolean' has no properties in common with type 'Partial<ReportTemplate>'.
modules/reports/components/ReportEditPage.tsx(50,41): error TS2339: Property 'title' does not exist on type 'Report'.
modules/reports/components/ReportEditPage.tsx(89,19): error TS2322: Type '{ children: Element; title: string; }' is not assignable to type 'IntrinsicAttributes & PageLayoutProps'.
  Property 'title' does not exist on type 'IntrinsicAttributes & PageLayoutProps'.
modules/reports/components/ReportEditPage.tsx(97,19): error TS2322: Type '{ children: Element; title: string; }' is not assignable to type 'IntrinsicAttributes & PageLayoutProps'.
  Property 'title' does not exist on type 'IntrinsicAttributes & PageLayoutProps'.
modules/reports/components/ReportEditPage.tsx(113,19): error TS2322: Type '{ children: Element; title: any; }' is not assignable to type 'IntrinsicAttributes & PageLayoutProps'.
  Property 'title' does not exist on type 'IntrinsicAttributes & PageLayoutProps'.
modules/reports/components/ReportEditPage.tsx(113,33): error TS2339: Property 'title' does not exist on type 'Report'.
modules/reports/components/ReportEditPage.tsx(129,7): error TS2322: Type '{ children: Element; title: string; actions: Element; }' is not assignable to type 'IntrinsicAttributes & PageLayoutProps'.
  Property 'title' does not exist on type 'IntrinsicAttributes & PageLayoutProps'.
modules/reports/components/ReportEditPage.tsx(129,58): error TS2339: Property 'title' does not exist on type 'Report'.
modules/reports/components/ReportNewPage.tsx(103,19): error TS2322: Type '{ children: Element; title: string; }' is not assignable to type 'IntrinsicAttributes & PageLayoutProps'.
  Property 'title' does not exist on type 'IntrinsicAttributes & PageLayoutProps'.
modules/reports/components/ReportNewPage.tsx(111,7): error TS2322: Type '{ children: Element; title: string; actions: Element; }' is not assignable to type 'IntrinsicAttributes & PageLayoutProps'.
  Property 'title' does not exist on type 'IntrinsicAttributes & PageLayoutProps'.
modules/templates/components/TemplateDetailPage.tsx(68,40): error TS2559: Type '(t: ReportTemplate) => boolean' has no properties in common with type 'Partial<ReportTemplate>'.
modules/templates/components/TemplateDetailPage.tsx(157,19): error TS2322: Type '{ children: Element; title: string; }' is not assignable to type 'IntrinsicAttributes & PageLayoutProps'.
  Property 'title' does not exist on type 'IntrinsicAttributes & PageLayoutProps'.
modules/templates/components/TemplateDetailPage.tsx(165,19): error TS2322: Type '{ children: Element; title: string; }' is not assignable to type 'IntrinsicAttributes & PageLayoutProps'.
  Property 'title' does not exist on type 'IntrinsicAttributes & PageLayoutProps'.
modules/templates/components/TemplateDetailPage.tsx(175,7): error TS2322: Type '{ children: Element; title: string; subtitle: string; actions: Element; }' is not assignable to type 'IntrinsicAttributes & PageLayoutProps'.
  Property 'title' does not exist on type 'IntrinsicAttributes & PageLayoutProps'.
modules/templates/components/TemplateNewPage.tsx(187,7): error TS2322: Type '{ children: Element; title: string; actions: Element; }' is not assignable to type 'IntrinsicAttributes & PageLayoutProps'.
  Property 'title' does not exist on type 'IntrinsicAttributes & PageLayoutProps'.
modules/templates/components/TemplatesListPage.tsx(140,19): error TS2322: Type '{ children: Element; title: string; }' is not assignable to type 'IntrinsicAttributes & PageLayoutProps'.
  Property 'title' does not exist on type 'IntrinsicAttributes & PageLayoutProps'.
modules/templates/components/TemplatesListPage.tsx(148,7): error TS2322: Type '{ children: Element; title: string; actions: Element; }' is not assignable to type 'IntrinsicAttributes & PageLayoutProps'.
  Property 'title' does not exist on type 'IntrinsicAttributes & PageLayoutProps'.
modules/templates/components/TemplatesListPage.tsx(168,15): error TS2353: Object literal may only specify known properties, and 'type' does not exist in type 'FilterItem'.
modules/templates/components/TemplatesListPage.tsx(170,26): error TS7006: Parameter 'v' implicitly has an 'any' type.
modules/users/components/UserDetailPage.tsx(51,38): error TS2304: Cannot find name 'User'.
modules/users/components/UserDetailPage.tsx(53,37): error TS2559: Type '(u: User) => boolean' has no properties in common with type 'Partial<UserProfile>'.
modules/users/components/UserDetailPage.tsx(53,48): error TS2304: Cannot find name 'User'.
modules/users/components/UserDetailPage.tsx(58,40): error TS2559: Type '(c: Campus) => boolean' has no properties in common with type 'Partial<Campus>'.
modules/users/components/UserDetailPage.tsx(100,19): error TS2322: Type '{ children: Element; title: string; }' is not assignable to type 'IntrinsicAttributes & PageLayoutProps'.
  Property 'title' does not exist on type 'IntrinsicAttributes & PageLayoutProps'.
modules/users/components/UserDetailPage.tsx(108,19): error TS2322: Type '{ children: Element; title: string; }' is not assignable to type 'IntrinsicAttributes & PageLayoutProps'.
  Property 'title' does not exist on type 'IntrinsicAttributes & PageLayoutProps'.
modules/users/components/UserDetailPage.tsx(128,7): error TS2322: Type '{ children: Element; title: string; subtitle: any; actions: Element; }' is not assignable to type 'IntrinsicAttributes & PageLayoutProps'.
  Property 'title' does not exist on type 'IntrinsicAttributes & PageLayoutProps'.
modules/users/components/UserDetailPage.tsx(257,7): error TS2559: Type '(r: Report) => boolean' has no properties in common with type 'Partial<Report>'.
modules/users/components/UserDetailPage.tsx(257,31): error TS2339: Property 'createdById' does not exist on type 'Report'.
modules/users/components/UserDetailPage.tsx(279,83): error TS2339: Property 'title' does not exist on type 'Report'.
modules/users/components/UsersListPage.tsx(134,17): error TS2322: Type '{ children: Element[]; title: string; }' is not assignable to type 'IntrinsicAttributes & PageLayoutProps'.
  Property 'title' does not exist on type 'IntrinsicAttributes & PageLayoutProps'.
modules/users/components/UsersListPage.tsx(135,8): error TS2322: Type '{ children: Element[]; label: string; isFiltered: boolean; onReset: () => void; extra: Element; }' is not assignable to type 'IntrinsicAttributes & FilterToolbarProps'.
  Property 'children' does not exist on type 'IntrinsicAttributes & FilterToolbarProps'.
modules/users/components/UsersListPage.tsx(146,45): error TS2322: Type 'ChangeEvent<HTMLInputElement, HTMLInputElement>' is not assignable to type 'string'.
modules/users/components/UsersListPage.tsx(183,11): error TS2322: Type '{ dataSource: UserProfile[]; columns: ColumnsType<UserProfile>; rowKey: string; loading: boolean; pagination: false; scroll: { x: number; }; emptyText: string; }' is not assignable to type 'IntrinsicAttributes & TableProps<UserProfile>'.
  Property 'emptyText' does not exist on type 'IntrinsicAttributes & TableProps<UserProfile>'.
modules/users/components/UsersListPage.tsx(187,14): error TS2739: Type '{ current: number; pageSize: number; total: number; onChange: Dispatch<SetStateAction<number>>; }' is missing the following properties from type 'DsPaginationProps': page, onPageChange
